[realmscans.com/index.html]
[realmscans.com/m100323/series/i-am-a-cultivation-bigshot/index.html]
[realmscans.com/m100323/i-am-a-cultivation-bigshot-chapter-215/index.html]
[backblue.gif]
[fade.gif]
[index.html]
[realmscans.com/index.html]
[cdn.jsdelivr.net/npm/in-view@0.6.1/dist/in-view.min.js]
[securepubads.g.doubleclick.net/tag/js/gpt.js]
[cmp.setupcmp.com/cmp/cmp/cmp-stub.js]
[cmp.setupcmp.com/cmp/cmp/cmp-v1.js]
[realmscans.com/m100323/series/i-am-a-cultivation-bigshot/feed/index.html]
[realmscans.com/wp-content/cache/wpfc-minified/koocx2km/bx8vf.css]
[realmscans.com/wp-content/themes/realm/assets/js/jquery.min9d52.js]
[realmscans.com/wp-content/plugins/setupad/public/assets/js/in-view.min5152.js]
[realmscans.com/wp-content/themes/realm/assets/js/bookmark6a4d.js]
[realmscans.com/wp-content/themes/realm/assets/js/series-history6a4d.js]
[realmscans.com/wp-content/themes/realm/assets/js/history6a4d.js]
[realmscans.com/wp-content/themes/realm/assets/js/function6b25.js]
[realmscans.com/wp-content/themes/realm/assets/js/tsmedia6b25.js]
[realmscans.com/wp-content/themes/realm/assets/js/nsfw6b25.js]
[realmscans.com/wp-content/themes/realm/assets/js/chapter-search6b25.js]
[realmscans.com/wp-json/index.html]
[realmscans.com/wp-includes/wlwmanifest.xml]
[realmscans.com/wp-json/oembed/1.0/embed8762.json]
[realmscans.com/wp-json/oembed/1.0/embeda122]
[realmscans.com/wp-content/uploads/2022/08/realm-scans-fav.png]
[realmscans.com/wp-content/themes/realm/assets/webfonts/fa-brands-400.woff2]
[realmscans.com/wp-content/themes/realm/assets/webfonts/fa-regular-400.woff2]
[realmscans.com/wp-content/themes/realm/assets/webfonts/fa-solid-900.woff2]
[realmscans.com/wp-content/uploads/2022/08/logo-realm-scans-2.webp]
[realmscans.com/wp-content/uploads/2022/01/i-am-cultivation-bigshot-thumb.webp]
[realmscans.com/series/index.html]
[realmscans.com/bookmarks/index.html]
[realmscans.com/wp-content/uploads/2022/01/my-senior-brother-is-too-steady.webp]
[realmscans.com/donations/index.html]
[realmscans.com/a-z/index.html]
[realmscans.com/manga/index9cfa.html]
[realmscans.com/wp-content/uploads/2021/08/the-great-sage-thumb-3.webp]
[realmscans.com/genres/action/index.html]
[realmscans.com/genres/adventure/index.html]
[realmscans.com/genres/based-on-a-novel/index.html]
[realmscans.com/wp-content/uploads/2022/10/i-got-lucky-and-pulled-a-10th-rank-summon.webp]
[realmscans.com/genres/comedy/index.html]
[realmscans.com/wp-content/uploads/2022/09/dungath-220x300.webp]
[realmscans.com/genres/cultivation/index.html]
[realmscans.com/genres/demon/index.html]
[realmscans.com/wp-content/uploads/2022/01/seventh-prince-magic-nerd.webp]
[realmscans.com/genres/demon-king/index.html]
[realmscans.com/wp-content/uploads/2022/01/the-beast-tamer-manga-thumbnail.webp]
[realmscans.com/genres/drama/index.html]
[realmscans.com/wp-content/uploads/2021/10/weak-teacher-thumb.webp]
[realmscans.com/genres/fantasy/index.html]
[realmscans.com/genres/historical/index.html]
[realmscans.com/wp-content/plugins/disqus-comment-system/public/js/comment_countd92a.js]
[realmscans.com/genres/martial-arts/index.html]
[realmscans.com/wp-content/plugins/disqus-comment-system/public/js/comment_embedd92a.js]
[realmscans.com/genres/misunderstanding/index.html]
[realmscans.com/genres/overpowered/index.html]
[realmscans.com/genres/pets/index.html]
[realmscans.com/wp-content/themes/realm/assets/js/filter6b25.js]
[realmscans.com/genres/shounen/index.html]
[realmscans.com/m100323/series/i-am-a-cultivation-bigshot/index.html]
[realmscans.com/wp-content/themes/realm/assets/js/search-V26a4d.js]
[realmscans.com/m100323/i-am-a-cultivation-bigshot-chapter-215/index.html]
[realmscans.com/wp-content/themes/realm/assets/images/crown.png]
[realmscans.com/wp-content/themes/realm/assets/images/black.png]
[realmscans.com/wp-content/themes/realm/assets/images/manga.png]
[realmscans.com/wp-content/themes/realm/assets/images/manhua.png]
[realmscans.com/wp-content/themes/realm/assets/images/manhwa.png]
[realmscans.com/wp-content/themes/realm/assets/img/arrow-left-circle.svg]
[realmscans.com/wp-content/themes/realm/assets/img/arrow-right-circle.svg]
[realmscans.com/wp-content/themes/realm/assets/img/arrow-down-circle.svg]
[realmscans.com/wp-content/themes/realm/assets/images/pattern.png]
[realmscans.com/wp-content/themes/realm/assets/images/item-shadow.png]
[realmscans.com/wp-content/themes/realm/assets/webfonts/fa-brands-400.eot]
[realmscans.com/wp-content/cache/wpfc-minified/koocx2km/bx8vf.css]
[realmscans.com/wp-admin/admin-ajax.html]
[realmscans.com/xmlrpc0db0.html]
[realmscans.com/indexa7a6.html]
[realmscans.com/series/index.html]
[realmscans.com/wp-content/plugins/setupad/public/assets/css/custom4b1d.css]
[realmscans.com/wp-content/themes/realm/style6936.css]
[realmscans.com/wp-content/themes/realm/assets/css/lightmode6b25.css]
[realmscans.com/wp-content/themes/realm/assets/css/font-awesome.min05c8.css]
[realmscans.com/wp-json/oembed/1.0/embedfa6f.json]
[realmscans.com/wp-json/oembed/1.0/embeda1eb]
[realmscans.com/donations.html]
[realmscans.com/wp-content/uploads/2022/06/tttttttt-219x300.webp]
[realmscans.com/wp-content/uploads/2021/08/it-starts-with-a-mountain-thumb-161222-220x300.webp]
[realmscans.com/wp-content/uploads/2022/01/club-eternals-220x300.webp]
[realmscans.com/wp-content/uploads/2022/08/muhsroom-hero-thumb3.webp]
[realmscans.com/wp-content/uploads/2022/01/undead-paladin-3.webp]
[realmscans.com/wp-content/uploads/2023/02/resource-210x300.webp]
[realmscans.com/wp-content/uploads/2023/02/thumb-transcension-academy-1-220x300.webp]
[realmscans.com/wp-content/uploads/2022/01/ezgif.com-gif-maker-1.webp]
[realmscans.com/wp-content/uploads/2022/01/die-invincible-pre.webp]
[realmscans.com/bookmarks/index.html]
[realmscans.com/wp-json/oembed/1.0/embed21f8.json]
[realmscans.com/wp-json/oembed/1.0/embedc640]
[realmscans.com/donations/index.html]
[realmscans.com/wp-json/oembed/1.0/embed04c2.json]
[realmscans.com/wp-json/oembed/1.0/embed8615]
[realmscans.com/wp-content/uploads/2021/10/administrator-kang-jin-lee-thum.webp]
[realmscans.com/wp-content/uploads/2022/10/woodchopper.webp]
[realmscans.com/wp-content/uploads/2022/01/allhailthesectleader.webp]
[realmscans.com/wp-content/uploads/2022/09/ahtwmc-207x300.webp]
[realmscans.com/a-z/index.html]
[realmscans.com/manga/index9cfa.html]
[realmscans.com/genres/action/index.html]
[realmscans.com/genres/adventure/index.html]
[realmscans.com/genres/based-on-a-novel/index.html]
[realmscans.com/genres/comedy/index.html]
[realmscans.com/genres/cultivation/index.html]
[realmscans.com/genres/demon/index.html]
[realmscans.com/genres/demon-king/index.html]
[realmscans.com/genres/drama/index.html]
[realmscans.com/genres/fantasy/index.html]
[realmscans.com/genres/historical/index.html]
[realmscans.com/genres/martial-arts/index.html]
[realmscans.com/genres/misunderstanding/index.html]
[realmscans.com/genres/overpowered/index.html]
[realmscans.com/genres/pets/index.html]
[realmscans.com/genres/shounen/index.html]
[realmscans.com/i-am-a-cultivation-bigshot-chapter-1/index.html]
[realmscans.com/i-am-a-cultivation-bigshot-chapter-215/index.html]
[realmscans.com/i-am-a-cultivation-bigshot-chapter-214/index.html]
[realmscans.com/i-am-a-cultivation-bigshot-chapter-213/index.html]
[realmscans.com/i-am-a-cultivation-bigshot-chapter-212/index.html]
[realmscans.com/i-am-a-cultivation-bigshot-chapter-211/index.html]
[realmscans.com/i-am-a-cultivation-bigshot-chapter-210/index.html]
[realmscans.com/i-am-a-cultivation-bigshot-chapter-209/index.html]
[realmscans.com/i-am-a-cultivation-bigshot-chapter-208/index.html]
[realmscans.com/i-am-a-cultivation-bigshot-chapter-207/index.html]
[realmscans.com/i-am-a-cultivation-bigshot-chapter-206/index.html]
[realmscans.com/i-am-a-cultivation-bigshot-chapter-205/index.html]
[realmscans.com/i-am-a-cultivation-bigshot-chapter-204/index.html]
[realmscans.com/i-am-a-cultivation-bigshot-chapter-203/index.html]
[realmscans.com/i-am-a-cultivation-bigshot-chapter-202/index.html]
[realmscans.com/i-am-a-cultivation-bigshot-chapter-201/index.html]
[realmscans.com/i-am-a-cultivation-bigshot-chapter-200/index.html]
[realmscans.com/i-am-a-cultivation-bigshot-chapter-199/index.html]
[realmscans.com/i-am-a-cultivation-bigshot-chapter-198/index.html]
[realmscans.com/i-am-a-cultivation-bigshot-chapter-197/index.html]
[realmscans.com/i-am-a-cultivation-bigshot-chapter-196/index.html]
[realmscans.com/i-am-a-cultivation-bigshot-chapter-195/index.html]
[realmscans.com/i-am-a-cultivation-bigshot-chapter-194/index.html]
[realmscans.com/i-am-a-cultivation-bigshot-chapter-193/index.html]
[realmscans.com/i-am-a-cultivation-bigshot-chapter-192/index.html]
[realmscans.com/i-am-a-cultivation-bigshot-chapter-191/index.html]
[realmscans.com/i-am-a-cultivation-bigshot-chapter-190/index.html]
[realmscans.com/i-am-a-cultivation-bigshot-chapter-189/index.html]
[realmscans.com/i-am-a-cultivation-bigshot-chapter-188/index.html]
[realmscans.com/i-am-a-cultivation-bigshot-chapter-187/index.html]
[realmscans.com/i-am-a-cultivation-bigshot-chapter-186/index.html]
[realmscans.com/i-am-a-cultivation-bigshot-chapter-185/index.html]
[realmscans.com/i-am-a-cultivation-bigshot-chapter-184/index.html]
[realmscans.com/i-am-a-cultivation-bigshot-chapter-183/index.html]
[realmscans.com/i-am-a-cultivation-bigshot-chapter-182/index.html]
[realmscans.com/i-am-a-cultivation-bigshot-chapter-181/index.html]
[realmscans.com/i-am-a-cultivation-bigshot-chapter-180/index.html]
[realmscans.com/i-am-a-cultivation-bigshot-chapter-179/index.html]
[realmscans.com/i-am-a-cultivation-bigshot-chapter-178/index.html]
[realmscans.com/i-am-a-cultivation-bigshot-chapter-177/index.html]
[realmscans.com/i-am-a-cultivation-bigshot-chapter-176/index.html]
[realmscans.com/i-am-a-cultivation-bigshot-chapter-175/index.html]
[realmscans.com/i-am-a-cultivation-bigshot-chapter-174/index.html]
[realmscans.com/i-am-a-cultivation-bigshot-chapter-173/index.html]
[realmscans.com/i-am-a-cultivation-bigshot-chapter-172/index.html]
[realmscans.com/i-am-a-cultivation-bigshot-chapter-171/index.html]
[realmscans.com/i-am-a-cultivation-bigshot-chapter-170/index.html]
[realmscans.com/i-am-a-cultivation-bigshot-chapter-169/index.html]
[realmscans.com/i-am-a-cultivation-bigshot-chapter-168/index.html]
[realmscans.com/i-am-a-cultivation-bigshot-chapter-167/index.html]
[realmscans.com/i-am-a-cultivation-bigshot-chapter-166/index.html]
[realmscans.com/i-am-a-cultivation-bigshot-chapter-165/index.html]
[realmscans.com/i-am-a-cultivation-bigshot-chapter-164/index.html]
[realmscans.com/i-am-a-cultivation-bigshot-chapter-163/index.html]
[realmscans.com/i-am-a-cultivation-bigshot-chapter-162/index.html]
[realmscans.com/i-am-a-cultivation-bigshot-chapter-161/index.html]
[realmscans.com/i-am-a-cultivation-bigshot-chapter-160/index.html]
[realmscans.com/i-am-a-cultivation-bigshot-chapter-159/index.html]
[realmscans.com/i-am-a-cultivation-bigshot-chapter-158/index.html]
[realmscans.com/i-am-a-cultivation-bigshot-chapter-157/index.html]
[realmscans.com/i-am-a-cultivation-bigshot-chapter-156/index.html]
[realmscans.com/i-am-a-cultivation-bigshot-chapter-155/index.html]
[realmscans.com/i-am-a-cultivation-bigshot-chapter-154/index.html]
[realmscans.com/i-am-a-cultivation-bigshot-chapter-153/index.html]
[realmscans.com/i-am-a-cultivation-bigshot-chapter-152/index.html]
[realmscans.com/i-am-a-cultivation-bigshot-chapter-151/index.html]
[realmscans.com/i-am-a-cultivation-bigshot-chapter-150/index.html]
[realmscans.com/i-am-a-cultivation-bigshot-chapter-149/index.html]
[realmscans.com/i-am-a-cultivation-bigshot-chapter-148/index.html]
[realmscans.com/i-am-a-cultivation-bigshot-chapter-147/index.html]
[realmscans.com/i-am-a-cultivation-bigshot-chapter-146/index.html]
[realmscans.com/i-am-a-cultivation-bigshot-chapter-145/index.html]
[realmscans.com/i-am-a-cultivation-bigshot-chapter-144/index.html]
[realmscans.com/i-am-a-cultivation-bigshot-chapter-143/index.html]
[realmscans.com/i-am-a-cultivation-bigshot-chapter-142/index.html]
[realmscans.com/i-am-a-cultivation-bigshot-chapter-141/index.html]
[realmscans.com/i-am-a-cultivation-bigshot-chapter-140/index.html]
[realmscans.com/i-am-a-cultivation-bigshot-chapter-139/index.html]
[realmscans.com/i-am-a-cultivation-bigshot-chapter-138/index.html]
[realmscans.com/i-am-a-cultivation-bigshot-chapter-137/index.html]
[realmscans.com/i-am-a-cultivation-bigshot-chapter-136/index.html]
[realmscans.com/i-am-a-cultivation-bigshot-chapter-135/index.html]
[realmscans.com/i-am-a-cultivation-bigshot-chapter-134/index.html]
[realmscans.com/i-am-a-cultivation-bigshot-chapter-133/index.html]
[realmscans.com/i-am-a-cultivation-bigshot-chapter-132/index.html]
[realmscans.com/i-am-a-cultivation-bigshot-chapter-131/index.html]
[realmscans.com/i-am-a-cultivation-bigshot-chapter-130/index.html]
[realmscans.com/i-am-a-cultivation-bigshot-chapter-129/index.html]
[realmscans.com/i-am-a-cultivation-bigshot-chapter-128/index.html]
[realmscans.com/i-am-a-cultivation-bigshot-chapter-127/index.html]
[realmscans.com/i-am-a-cultivation-bigshot-chapter-126/index.html]
[realmscans.com/i-am-a-cultivation-bigshot-chapter-125/index.html]
[realmscans.com/i-am-a-cultivation-bigshot-chapter-124/index.html]
[realmscans.com/i-am-a-cultivation-bigshot-chapter-123/index.html]
[realmscans.com/i-am-a-cultivation-bigshot-chapter-122/index.html]
[realmscans.com/i-am-a-cultivation-bigshot-chapter-121/index.html]
[realmscans.com/i-am-a-cultivation-bigshot-chapter-120/index.html]
[realmscans.com/i-am-a-cultivation-bigshot-chapter-119/index.html]
[realmscans.com/i-am-a-cultivation-bigshot-chapter-118/index.html]
[realmscans.com/i-am-a-cultivation-bigshot-chapter-117/index.html]
[realmscans.com/i-am-a-cultivation-bigshot-chapter-116/index.html]
[realmscans.com/i-am-a-cultivation-bigshot-chapter-115/index.html]
[realmscans.com/i-am-a-cultivation-bigshot-chapter-114/index.html]
[realmscans.com/i-am-a-cultivation-bigshot-chapter-113/index.html]
[realmscans.com/i-am-a-cultivation-bigshot-chapter-112/index.html]
[realmscans.com/i-am-a-cultivation-bigshot-chapter-111/index.html]
[realmscans.com/i-am-a-cultivation-bigshot-chapter-110/index.html]
[realmscans.com/i-am-a-cultivation-bigshot-chapter-109/index.html]
[realmscans.com/i-am-a-cultivation-bigshot-chapter-108/index.html]
[realmscans.com/i-am-a-cultivation-bigshot-chapter-107/index.html]
[realmscans.com/i-am-a-cultivation-bigshot-chapter-106/index.html]
[realmscans.com/i-am-a-cultivation-bigshot-chapter-105/index.html]
[realmscans.com/i-am-a-cultivation-bigshot-chapter-104/index.html]
[realmscans.com/i-am-a-cultivation-bigshot-chapter-103/index.html]
[realmscans.com/i-am-a-cultivation-bigshot-chapter-102/index.html]
[realmscans.com/i-am-a-cultivation-bigshot-chapter-101/index.html]
[realmscans.com/i-am-a-cultivation-bigshot-chapter-100/index.html]
[realmscans.com/i-am-a-cultivation-bigshot-chapter-99/index.html]
[realmscans.com/i-am-a-cultivation-bigshot-chapter-98/index.html]
[realmscans.com/i-am-a-cultivation-bigshot-chapter-97/index.html]
[realmscans.com/i-am-a-cultivation-bigshot-chapter-96/index.html]
[realmscans.com/i-am-a-cultivation-bigshot-chapter-95/index.html]
[realmscans.com/i-am-a-cultivation-bigshot-chapter-94/index.html]
[realmscans.com/i-am-a-cultivation-bigshot-chapter-93/index.html]
[realmscans.com/i-am-a-cultivation-bigshot-chapter-92/index.html]
[realmscans.com/i-am-a-cultivation-bigshot-chapter-91/index.html]
[realmscans.com/i-am-a-cultivation-bigshot-chapter-90/index.html]
[realmscans.com/i-am-a-cultivation-bigshot-chapter-89/index.html]
[realmscans.com/i-am-a-cultivation-bigshot-chapter-88/index.html]
[realmscans.com/i-am-a-cultivation-bigshot-chapter-87/index.html]
[realmscans.com/i-am-a-cultivation-bigshot-chapter-86/index.html]
[realmscans.com/i-am-a-cultivation-bigshot-chapter-85/index.html]
[realmscans.com/i-am-a-cultivation-bigshot-chapter-84/index.html]
[realmscans.com/i-am-a-cultivation-bigshot-chapter-83/index.html]
[realmscans.com/i-am-a-cultivation-bigshot-chapter-82/index.html]
[realmscans.com/i-am-a-cultivation-bigshot-chapter-81/index.html]
[realmscans.com/i-am-a-cultivation-bigshot-chapter-80/index.html]
[realmscans.com/i-am-a-cultivation-bigshot-chapter-79/index.html]
[realmscans.com/i-am-a-cultivation-bigshot-chapter-78/index.html]
[realmscans.com/i-am-a-cultivation-bigshot-chapter-77/index.html]
[realmscans.com/i-am-a-cultivation-bigshot-chapter-76/index.html]
[realmscans.com/i-am-a-cultivation-bigshot-chapter-75/index.html]
[realmscans.com/i-am-a-cultivation-bigshot-chapter-74/index.html]
[realmscans.com/i-am-a-cultivation-bigshot-chapter-73/index.html]
[realmscans.com/i-am-a-cultivation-bigshot-chapter-72/index.html]
[realmscans.com/i-am-a-cultivation-bigshot-chapter-71/index.html]
[realmscans.com/i-am-a-cultivation-bigshot-chapter-70/index.html]
[realmscans.com/i-am-a-cultivation-bigshot-chapter-69/index.html]
[realmscans.com/i-am-a-cultivation-bigshot-chapter-68/index.html]
[realmscans.com/i-am-a-cultivation-bigshot-chapter-67/index.html]
[realmscans.com/i-am-a-cultivation-bigshot-chapter-66/index.html]
[realmscans.com/i-am-a-cultivation-bigshot-chapter-65/index.html]
[realmscans.com/i-am-a-cultivation-bigshot-chapter-64/index.html]
[realmscans.com/i-am-a-cultivation-bigshot-chapter-63/index.html]
[realmscans.com/i-am-a-cultivation-bigshot-chapter-62/index.html]
[realmscans.com/i-am-a-cultivation-bigshot-chapter-61/index.html]
[realmscans.com/i-am-a-cultivation-bigshot-chapter-60/index.html]
[realmscans.com/i-am-a-cultivation-bigshot-chapter-59/index.html]
[realmscans.com/i-am-a-cultivation-bigshot-chapter-58/index.html]
[realmscans.com/i-am-a-cultivation-bigshot-chapter-57/index.html]
[realmscans.com/i-am-a-cultivation-bigshot-chapter-56/index.html]
[realmscans.com/i-am-a-cultivation-bigshot-chapter-55/index.html]
[realmscans.com/i-am-a-cultivation-bigshot-chapter-54/index.html]
[realmscans.com/i-am-a-cultivation-bigshot-chapter-53/index.html]
[realmscans.com/i-am-a-cultivation-bigshot-chapter-52/index.html]
[realmscans.com/i-am-a-cultivation-bigshot-chapter-51/index.html]
[realmscans.com/i-am-a-cultivation-bigshot-chapter-50/index.html]
[realmscans.com/i-am-a-cultivation-bigshot-chapter-49/index.html]
[realmscans.com/i-am-a-cultivation-bigshot-chapter-48/index.html]
[realmscans.com/i-am-a-cultivation-bigshot-chapter-47/index.html]
[realmscans.com/i-am-a-cultivation-bigshot-chapter-46/index.html]
[realmscans.com/i-am-a-cultivation-bigshot-chapter-45/index.html]
[realmscans.com/i-am-a-cultivation-bigshot-chapter-44/index.html]
[realmscans.com/i-am-a-cultivation-bigshot-chapter-43/index.html]
[realmscans.com/i-am-a-cultivation-bigshot-chapter-42/index.html]
[realmscans.com/i-am-a-cultivation-bigshot-chapter-41/index.html]
[realmscans.com/i-am-a-cultivation-bigshot-chapter-40/index.html]
[realmscans.com/i-am-a-cultivation-bigshot-chapter-39/index.html]
[realmscans.com/i-am-a-cultivation-bigshot-chapter-38/index.html]
[realmscans.com/i-am-a-cultivation-bigshot-chapter-37/index.html]
[realmscans.com/i-am-a-cultivation-bigshot-chapter-36/index.html]
[realmscans.com/i-am-a-cultivation-bigshot-chapter-35/index.html]
[realmscans.com/i-am-a-cultivation-bigshot-chapter-34/index.html]
[realmscans.com/i-am-a-cultivation-bigshot-chapter-33/index.html]
[realmscans.com/i-am-a-cultivation-bigshot-chapter-32/index.html]
[realmscans.com/i-am-a-cultivation-bigshot-chapter-31/index.html]
[realmscans.com/i-am-a-cultivation-bigshot-chapter-30/index.html]
[realmscans.com/i-am-a-cultivation-bigshot-chapter-29/index.html]
[realmscans.com/i-am-a-cultivation-bigshot-chapter-28/index.html]
[realmscans.com/i-am-a-cultivation-bigshot-chapter-27/index.html]
[realmscans.com/i-am-a-cultivation-bigshot-chapter-26/index.html]
[realmscans.com/i-am-a-cultivation-bigshot-chapter-25/index.html]
[realmscans.com/i-am-a-cultivation-bigshot-chapter-24/index.html]
[realmscans.com/i-am-a-cultivation-bigshot-chapter-23/index.html]
[realmscans.com/i-am-a-cultivation-bigshot-chapter-22/index.html]
[realmscans.com/i-am-a-cultivation-bigshot-chapter-21/index.html]
[realmscans.com/i-am-a-cultivation-bigshot-chapter-20/index.html]
[realmscans.com/i-am-a-cultivation-bigshot-chapter-19/index.html]
[realmscans.com/i-am-a-cultivation-bigshot-chapter-18/index.html]
[realmscans.com/i-am-a-cultivation-bigshot-chapter-17/index.html]
[realmscans.com/i-am-a-cultivation-bigshot-chapter-16/index.html]
[realmscans.com/i-am-a-cultivation-bigshot-chapter-15/index.html]
[realmscans.com/i-am-a-cultivation-bigshot-chapter-14/index.html]
[realmscans.com/i-am-a-cultivation-bigshot-chapter-13/index.html]
[realmscans.com/i-am-a-cultivation-bigshot-chapter-12/index.html]
[realmscans.com/i-am-a-cultivation-bigshot-chapter-11/index.html]
[realmscans.com/i-am-a-cultivation-bigshot-chapter-10/index.html]
[realmscans.com/i-am-a-cultivation-bigshot-chapter-9/index.html]
[realmscans.com/i-am-a-cultivation-bigshot-chapter-8/index.html]
[realmscans.com/i-am-a-cultivation-bigshot-chapter-7/index.html]
[realmscans.com/i-am-cultivation-bigshot-chapter-6/index.html]
[realmscans.com/i-am-a-cultivation-bigshot-chapter-5/index.html]
[realmscans.com/i-am-a-cultivation-bigshot-chapter-4/index.html]
[realmscans.com/i-am-a-cultivation-bigshot-chapter-3/index.html]
[realmscans.com/i-am-a-cultivation-bigshot-chapter-2/index.html]
[realmscans.com/m100323/series/my-senior-brother-is-too-steady/index.html]
[realmscans.com/m100323/series/the-great-sage/index.html]
[realmscans.com/m100323/series/i-got-lucky-and-pulled-a-10th-rank-summon/index.html]
[realmscans.com/m100323/series/dungeon-athlete/index.html]
[realmscans.com/m100323/series/the-seventh-prince-a-reincarnated-magic-nerd/index.html]
[realmscans.com/m100323/series/the-beast-tamer/index.html]
[realmscans.com/m100323/series/weak-teacher/index.html]
[realmscans.com/contact-info/index.html]
[realmscans.com/dmca/index.html]
[realmscans.com/privacy-policy/index.html]
[realmscans.com/wp-content/plugins/setupad/public/assets/js/setupad5152.js]
[realmscans.com/wp-content/themes/realm/assets/img/arrow-left-circle.svg]
[realmscans.com/wp-content/themes/realm/assets/img/arrow-right-circle.svg]
[realmscans.com/wp-content/themes/realm/assets/img/arrow-down-circle.svg]
[realmscans.com/wp-content/themes/realm/assets/webfonts/fa-brands-400.html]
[realmscans.com/wp-includes/css/classic-themes.min68b3.css]
[realmscans.com/wp-content/plugins/setupad/public/assets/css/custom4b1d.css]
[realmscans.com/wp-content/themes/realm/style6936.css]
[realmscans.com/wp-content/themes/realm/assets/css/lightmode6b25.css]
[realmscans.com/wp-content/themes/realm/assets/css/font-awesome.min05c8.css]
[realmscans.com/wp-json/wp/v2/pages/62929.json]
[realmscans.com/index1bbf.html]
[realmscans.com/donations.html]
[realmscans.com/m100323/series/top-tier-providence/index.html]
[realmscans.com/m100323/series/it-starts-with-a-mountain/index.html]
[realmscans.com/genres/cheat/index.html]
[realmscans.com/genres/isekai/index.html]
[realmscans.com/genres/kingdom-building/index.html]
[realmscans.com/genres/military/index.html]
[realmscans.com/genres/strategy/index.html]
[realmscans.com/genres/system/index.html]
[realmscans.com/m100323/series/eternal-club/index.html]
[realmscans.com/genres/hidden-identity/index.html]
[realmscans.com/genres/psychological/index.html]
[realmscans.com/genres/supernatural/index.html]
[realmscans.com/genres/time-control/index.html]
[realmscans.com/genres/webtoon/index.html]
[realmscans.com/m100323/series/mushroom-hero/index.html]
[realmscans.com/genres/adaptation/index.html]
[realmscans.com/genres/game/index.html]
[realmscans.com/genres/hero/index.html]
[realmscans.com/genres/mmorpg/index.html]
[realmscans.com/genres/monster/index.html]
[realmscans.com/genres/rebirth/index.html]
[realmscans.com/genres/reincarnation/index.html]
[realmscans.com/genres/survival/index.html]
[realmscans.com/genres/video-game/index.html]
[realmscans.com/genres/virtual-reality/index.html]
[realmscans.com/genres/weak-to-strong/index.html]
[realmscans.com/m100323/series/adventures-of-an-undead-who-became-paladin/index.html]
[realmscans.com/genres/conspiracy/index.html]
[realmscans.com/genres/ghosts/index.html]
[realmscans.com/genres/magic/index.html]
[realmscans.com/genres/necromancer/index.html]
[realmscans.com/m100323/series/my-little-brother-is-the-academys-hotshot/index.html]
[realmscans.com/m100323/series/transcension-academy/index.html]
[realmscans.com/m100323/series/infinite-level-up-in-murim/index.html]
[realmscans.com/genres/another-chance/index.html]
[realmscans.com/genres/murim/index.html]
[realmscans.com/genres/returner/index.html]
[realmscans.com/genres/war/index.html]
[realmscans.com/m100323/series/if-i-dont-die-soon-ill-really-become-invincible/index.html]
[realmscans.com/m100323/i-am-a-cultivation-bigshot-chapter-214/index.html]
[realmscans.com/m100323/infinite-level-up-in-murim-chapter-142/index.html]
[realmscans.com/wp-json/wp/v2/pages/62936.json]
[realmscans.com/indexeffd.html]
[realmscans.com/wp-json/wp/v2/pages/62927.json]
[realmscans.com/index0adf.html]
[realmscans.com/a-z/index1eb2.html]
[realmscans.com/a-z/index9426.html]
[realmscans.com/a-z/indexc715.html]
[realmscans.com/a-z/indexa0ec.html]
[realmscans.com/a-z/index030c.html]
[realmscans.com/a-z/index7776.html]
[realmscans.com/a-z/indexd64b.html]
[realmscans.com/a-z/index4cf2.html]
[realmscans.com/a-z/index37b6.html]
[realmscans.com/a-z/index04ff.html]
[realmscans.com/a-z/index4021.html]
[realmscans.com/a-z/index3269.html]
[realmscans.com/a-z/indexc6fd.html]
[realmscans.com/a-z/index7d32.html]
[realmscans.com/a-z/index065f.html]
[realmscans.com/a-z/index9384.html]
[realmscans.com/a-z/indexbcd0.html]
[realmscans.com/a-z/index2f8c.html]
[realmscans.com/a-z/indexac62.html]
[realmscans.com/a-z/index5a0f.html]
[realmscans.com/a-z/indexf964.html]
[realmscans.com/a-z/index069b.html]
[realmscans.com/a-z/index1dff.html]
[realmscans.com/a-z/index1c83.html]
[realmscans.com/a-z/index63f9.html]
[realmscans.com/a-z/indexa8cf.html]
[realmscans.com/a-z/indexbf3a.html]
[realmscans.com/a-z/indexcd01.html]
[realmscans.com/m100323/series/administrator-kang-jin-lee/index.html]
[realmscans.com/m100323/series/after-chopping-wood-for-10-years-all-the-immortals-want-to-become-my-disciple/index.html]
[realmscans.com/m100323/series/all-hail-the-sect-leader/index.html]
[realmscans.com/m100323/series/auto-hunting-with-my-clones/index.html]
[realmscans.com/m100323/i-am-a-cultivation-bigshot-chapter-1/index.html]
[realmscans.com/m100323/i-am-a-cultivation-bigshot-chapter-213/index.html]
[realmscans.com/m100323/i-am-a-cultivation-bigshot-chapter-212/index.html]
[realmscans.com/m100323/i-am-a-cultivation-bigshot-chapter-211/index.html]
[realmscans.com/m100323/i-am-a-cultivation-bigshot-chapter-210/index.html]
[realmscans.com/m100323/i-am-a-cultivation-bigshot-chapter-209/index.html]
[realmscans.com/m100323/i-am-a-cultivation-bigshot-chapter-208/index.html]
[realmscans.com/m100323/i-am-a-cultivation-bigshot-chapter-207/index.html]
[realmscans.com/m100323/i-am-a-cultivation-bigshot-chapter-206/index.html]
[realmscans.com/m100323/i-am-a-cultivation-bigshot-chapter-205/index.html]
[realmscans.com/m100323/i-am-a-cultivation-bigshot-chapter-204/index.html]
[realmscans.com/m100323/i-am-a-cultivation-bigshot-chapter-203/index.html]
[realmscans.com/m100323/i-am-a-cultivation-bigshot-chapter-202/index.html]
[realmscans.com/m100323/i-am-a-cultivation-bigshot-chapter-201/index.html]
[realmscans.com/m100323/i-am-a-cultivation-bigshot-chapter-200/index.html]
[realmscans.com/m100323/i-am-a-cultivation-bigshot-chapter-199/index.html]
[realmscans.com/m100323/i-am-a-cultivation-bigshot-chapter-198/index.html]
[realmscans.com/m100323/i-am-a-cultivation-bigshot-chapter-197/index.html]
[realmscans.com/m100323/i-am-a-cultivation-bigshot-chapter-196/index.html]
[realmscans.com/m100323/i-am-a-cultivation-bigshot-chapter-195/index.html]
[realmscans.com/m100323/i-am-a-cultivation-bigshot-chapter-194/index.html]
[realmscans.com/m100323/i-am-a-cultivation-bigshot-chapter-193/index.html]
[realmscans.com/m100323/i-am-a-cultivation-bigshot-chapter-192/index.html]
[realmscans.com/m100323/i-am-a-cultivation-bigshot-chapter-191/index.html]
[realmscans.com/m100323/i-am-a-cultivation-bigshot-chapter-190/index.html]
[realmscans.com/m100323/i-am-a-cultivation-bigshot-chapter-189/index.html]
[realmscans.com/m100323/i-am-a-cultivation-bigshot-chapter-188/index.html]
[realmscans.com/m100323/i-am-a-cultivation-bigshot-chapter-187/index.html]
[realmscans.com/m100323/i-am-a-cultivation-bigshot-chapter-186/index.html]
[realmscans.com/m100323/i-am-a-cultivation-bigshot-chapter-185/index.html]
[realmscans.com/m100323/i-am-a-cultivation-bigshot-chapter-184/index.html]
[realmscans.com/m100323/i-am-a-cultivation-bigshot-chapter-183/index.html]
[realmscans.com/m100323/i-am-a-cultivation-bigshot-chapter-182/index.html]
[realmscans.com/m100323/i-am-a-cultivation-bigshot-chapter-181/index.html]
[realmscans.com/m100323/i-am-a-cultivation-bigshot-chapter-180/index.html]
[realmscans.com/m100323/i-am-a-cultivation-bigshot-chapter-179/index.html]
[realmscans.com/m100323/i-am-a-cultivation-bigshot-chapter-178/index.html]
[realmscans.com/m100323/i-am-a-cultivation-bigshot-chapter-177/index.html]
[realmscans.com/m100323/i-am-a-cultivation-bigshot-chapter-176/index.html]
[realmscans.com/m100323/i-am-a-cultivation-bigshot-chapter-175/index.html]
[realmscans.com/m100323/i-am-a-cultivation-bigshot-chapter-174/index.html]
[realmscans.com/m100323/i-am-a-cultivation-bigshot-chapter-173/index.html]
[realmscans.com/m100323/i-am-a-cultivation-bigshot-chapter-172/index.html]
[realmscans.com/m100323/i-am-a-cultivation-bigshot-chapter-171/index.html]
[realmscans.com/m100323/i-am-a-cultivation-bigshot-chapter-170/index.html]
[realmscans.com/m100323/i-am-a-cultivation-bigshot-chapter-169/index.html]
[realmscans.com/m100323/i-am-a-cultivation-bigshot-chapter-168/index.html]
[realmscans.com/m100323/i-am-a-cultivation-bigshot-chapter-167/index.html]
[realmscans.com/m100323/i-am-a-cultivation-bigshot-chapter-166/index.html]
[realmscans.com/m100323/i-am-a-cultivation-bigshot-chapter-165/index.html]
[realmscans.com/m100323/i-am-a-cultivation-bigshot-chapter-164/index.html]
[realmscans.com/m100323/i-am-a-cultivation-bigshot-chapter-163/index.html]
[realmscans.com/m100323/i-am-a-cultivation-bigshot-chapter-162/index.html]
[realmscans.com/m100323/i-am-a-cultivation-bigshot-chapter-161/index.html]
[realmscans.com/m100323/i-am-a-cultivation-bigshot-chapter-160/index.html]
[realmscans.com/m100323/i-am-a-cultivation-bigshot-chapter-159/index.html]
[realmscans.com/m100323/i-am-a-cultivation-bigshot-chapter-158/index.html]
[realmscans.com/m100323/i-am-a-cultivation-bigshot-chapter-157/index.html]
[realmscans.com/m100323/i-am-a-cultivation-bigshot-chapter-156/index.html]
[realmscans.com/m100323/i-am-a-cultivation-bigshot-chapter-155/index.html]
[realmscans.com/m100323/i-am-a-cultivation-bigshot-chapter-154/index.html]
[realmscans.com/m100323/i-am-a-cultivation-bigshot-chapter-153/index.html]
[realmscans.com/m100323/i-am-a-cultivation-bigshot-chapter-152/index.html]
[realmscans.com/m100323/i-am-a-cultivation-bigshot-chapter-151/index.html]
[realmscans.com/m100323/i-am-a-cultivation-bigshot-chapter-150/index.html]
[realmscans.com/m100323/i-am-a-cultivation-bigshot-chapter-149/index.html]
[realmscans.com/m100323/i-am-a-cultivation-bigshot-chapter-148/index.html]
[realmscans.com/m100323/i-am-a-cultivation-bigshot-chapter-147/index.html]
[realmscans.com/m100323/i-am-a-cultivation-bigshot-chapter-146/index.html]
[realmscans.com/m100323/i-am-a-cultivation-bigshot-chapter-145/index.html]
[realmscans.com/m100323/i-am-a-cultivation-bigshot-chapter-144/index.html]
[realmscans.com/m100323/i-am-a-cultivation-bigshot-chapter-143/index.html]
[realmscans.com/m100323/i-am-a-cultivation-bigshot-chapter-142/index.html]
[realmscans.com/m100323/i-am-a-cultivation-bigshot-chapter-141/index.html]
[realmscans.com/m100323/i-am-a-cultivation-bigshot-chapter-140/index.html]
[realmscans.com/m100323/i-am-a-cultivation-bigshot-chapter-139/index.html]
[realmscans.com/m100323/i-am-a-cultivation-bigshot-chapter-138/index.html]
[realmscans.com/m100323/i-am-a-cultivation-bigshot-chapter-137/index.html]
[realmscans.com/m100323/i-am-a-cultivation-bigshot-chapter-136/index.html]
[realmscans.com/m100323/i-am-a-cultivation-bigshot-chapter-135/index.html]
[realmscans.com/m100323/i-am-a-cultivation-bigshot-chapter-134/index.html]
[realmscans.com/m100323/i-am-a-cultivation-bigshot-chapter-133/index.html]
[realmscans.com/m100323/i-am-a-cultivation-bigshot-chapter-132/index.html]
[realmscans.com/m100323/i-am-a-cultivation-bigshot-chapter-131/index.html]
[realmscans.com/m100323/i-am-a-cultivation-bigshot-chapter-130/index.html]
[realmscans.com/m100323/i-am-a-cultivation-bigshot-chapter-129/index.html]
[realmscans.com/m100323/i-am-a-cultivation-bigshot-chapter-128/index.html]
[realmscans.com/m100323/i-am-a-cultivation-bigshot-chapter-127/index.html]
[realmscans.com/m100323/i-am-a-cultivation-bigshot-chapter-126/index.html]
[realmscans.com/m100323/i-am-a-cultivation-bigshot-chapter-125/index.html]
[realmscans.com/m100323/i-am-a-cultivation-bigshot-chapter-124/index.html]
[realmscans.com/m100323/i-am-a-cultivation-bigshot-chapter-123/index.html]
[realmscans.com/m100323/i-am-a-cultivation-bigshot-chapter-122/index.html]
[realmscans.com/m100323/i-am-a-cultivation-bigshot-chapter-121/index.html]
[realmscans.com/m100323/i-am-a-cultivation-bigshot-chapter-120/index.html]
[realmscans.com/m100323/i-am-a-cultivation-bigshot-chapter-119/index.html]
[realmscans.com/m100323/i-am-a-cultivation-bigshot-chapter-118/index.html]
[realmscans.com/m100323/i-am-a-cultivation-bigshot-chapter-117/index.html]
[realmscans.com/m100323/i-am-a-cultivation-bigshot-chapter-116/index.html]
[realmscans.com/m100323/i-am-a-cultivation-bigshot-chapter-115/index.html]
[realmscans.com/m100323/i-am-a-cultivation-bigshot-chapter-114/index.html]
[realmscans.com/m100323/i-am-a-cultivation-bigshot-chapter-113/index.html]
[realmscans.com/m100323/i-am-a-cultivation-bigshot-chapter-112/index.html]
[realmscans.com/m100323/i-am-a-cultivation-bigshot-chapter-111/index.html]
[realmscans.com/m100323/i-am-a-cultivation-bigshot-chapter-110/index.html]
[realmscans.com/m100323/i-am-a-cultivation-bigshot-chapter-109/index.html]
[realmscans.com/m100323/i-am-a-cultivation-bigshot-chapter-108/index.html]
[realmscans.com/m100323/i-am-a-cultivation-bigshot-chapter-107/index.html]
[realmscans.com/m100323/i-am-a-cultivation-bigshot-chapter-106/index.html]
[realmscans.com/m100323/i-am-a-cultivation-bigshot-chapter-105/index.html]
[realmscans.com/m100323/i-am-a-cultivation-bigshot-chapter-104/index.html]
[realmscans.com/m100323/i-am-a-cultivation-bigshot-chapter-103/index.html]
[realmscans.com/m100323/i-am-a-cultivation-bigshot-chapter-102/index.html]
[realmscans.com/m100323/i-am-a-cultivation-bigshot-chapter-101/index.html]
[realmscans.com/m100323/i-am-a-cultivation-bigshot-chapter-100/index.html]
[realmscans.com/m100323/i-am-a-cultivation-bigshot-chapter-99/index.html]
[realmscans.com/m100323/i-am-a-cultivation-bigshot-chapter-98/index.html]
[realmscans.com/m100323/i-am-a-cultivation-bigshot-chapter-97/index.html]
[realmscans.com/m100323/i-am-a-cultivation-bigshot-chapter-96/index.html]
[realmscans.com/m100323/i-am-a-cultivation-bigshot-chapter-95/index.html]
[realmscans.com/m100323/i-am-a-cultivation-bigshot-chapter-94/index.html]
[realmscans.com/m100323/i-am-a-cultivation-bigshot-chapter-93/index.html]
[realmscans.com/m100323/i-am-a-cultivation-bigshot-chapter-92/index.html]
[realmscans.com/m100323/i-am-a-cultivation-bigshot-chapter-91/index.html]
[realmscans.com/m100323/i-am-a-cultivation-bigshot-chapter-90/index.html]
[realmscans.com/m100323/i-am-a-cultivation-bigshot-chapter-89/index.html]
[realmscans.com/m100323/i-am-a-cultivation-bigshot-chapter-88/index.html]
[realmscans.com/m100323/i-am-a-cultivation-bigshot-chapter-87/index.html]
[realmscans.com/m100323/i-am-a-cultivation-bigshot-chapter-86/index.html]
[realmscans.com/m100323/i-am-a-cultivation-bigshot-chapter-85/index.html]
[realmscans.com/m100323/i-am-a-cultivation-bigshot-chapter-84/index.html]
[realmscans.com/m100323/i-am-a-cultivation-bigshot-chapter-83/index.html]
[realmscans.com/m100323/i-am-a-cultivation-bigshot-chapter-82/index.html]
[realmscans.com/m100323/i-am-a-cultivation-bigshot-chapter-81/index.html]
[realmscans.com/m100323/i-am-a-cultivation-bigshot-chapter-80/index.html]
[realmscans.com/m100323/i-am-a-cultivation-bigshot-chapter-79/index.html]
[realmscans.com/m100323/i-am-a-cultivation-bigshot-chapter-78/index.html]
[realmscans.com/m100323/i-am-a-cultivation-bigshot-chapter-77/index.html]
[realmscans.com/m100323/i-am-a-cultivation-bigshot-chapter-76/index.html]
[realmscans.com/m100323/i-am-a-cultivation-bigshot-chapter-75/index.html]
[realmscans.com/m100323/i-am-a-cultivation-bigshot-chapter-74/index.html]
[realmscans.com/m100323/i-am-a-cultivation-bigshot-chapter-73/index.html]
[realmscans.com/m100323/i-am-a-cultivation-bigshot-chapter-72/index.html]
[realmscans.com/m100323/i-am-a-cultivation-bigshot-chapter-71/index.html]
[realmscans.com/m100323/i-am-a-cultivation-bigshot-chapter-70/index.html]
[realmscans.com/m100323/i-am-a-cultivation-bigshot-chapter-69/index.html]
[realmscans.com/m100323/i-am-a-cultivation-bigshot-chapter-68/index.html]
[realmscans.com/m100323/i-am-a-cultivation-bigshot-chapter-67/index.html]
[realmscans.com/m100323/i-am-a-cultivation-bigshot-chapter-66/index.html]
[realmscans.com/m100323/i-am-a-cultivation-bigshot-chapter-65/index.html]
[realmscans.com/m100323/i-am-a-cultivation-bigshot-chapter-64/index.html]
[realmscans.com/m100323/i-am-a-cultivation-bigshot-chapter-63/index.html]
[realmscans.com/wp-content/themes/realm/assets/webfonts/fa-brands-400d41d.html]
[realmscans.com/wp-content/themes/realm/assets/webfonts/fa-brands-401.html]
[realmscans.com/wp-content/themes/realm/assets/webfonts/fa-brands-402.html]
[realmscans.com/wp-content/themes/realm/assets/webfonts/fa-brands-403.html]
[realmscans.com/wp-content/themes/realm/assets/webfonts/fa-regular-400.html]
[realmscans.com/wp-content/themes/realm/assets/webfonts/fa-regular-400d41d.html]
[realmscans.com/wp-content/themes/realm/assets/webfonts/fa-regular-401.html]
[realmscans.com/wp-content/themes/realm/assets/webfonts/fa-regular-402.html]
[realmscans.com/wp-content/themes/realm/assets/webfonts/fa-regular-403.html]
[realmscans.com/wp-content/themes/realm/assets/webfonts/fa-solid-900.html]
[realmscans.com/wp-content/themes/realm/assets/webfonts/fa-solid-900d41d.html]
[realmscans.com/wp-content/themes/realm/assets/webfonts/fa-solid-901.html]
[realmscans.com/wp-content/themes/realm/assets/webfonts/fa-solid-902.html]
[realmscans.com/wp-content/themes/realm/assets/webfonts/fa-solid-903.html]
